Servicing hardware INT=0x08
Servicing hardware INT=0x08
Servicing hardware INT=0x08
Servicing hardware INT=0x09
Servicing hardware INT=0x08
Servicing hardware INT=0x08
Servicing hardware INT=0x08
Servicing hardware INT=0x08
Servicing hardware INT=0x08
Servicing hardware INT=0x08
Servicing hardware INT=0x08
Servicing hardware INT=0x08
Servicing hardware INT=0x08
Servicing hardware INT=0x08
Servicing hardware INT=0x08
Servicing hardware INT=0x08
Servicing hardware INT=0x08
Servicing hardware INT=0x08
Servicing hardware INT=0x09
check_exception old: 0xffffffff new 0xe
     0: v=0e e=0000 i=0 cpl=0 IP=0028:ffffffff80001a5d pc=ffffffff80001a5d SP=0030:ffff80001ff8fe80 CR2=0000000000000048
RAX=ffffffff80010020 RBX=ffffffff80010020 RCX=ffff80001ff8ff98 RDX=0000000000000004
RSI=0000000000000048 RDI=ffffffff80010020 RBP=0000000000000048 RSP=ffff80001ff8fe80
R8 =0000000000000000 R9 =0000000000aaaaaa R10=ffff8000fd014004 R11=0000000000000009
R12=0000000000000000 R13=000000000000004c R14=ffffffff80010020 R15=000000001ff8ffb0
RIP=ffffffff80001a5d RFL=00000046 [---Z-P-] CPL=0 II=0 A20=1 SMM=0 HLT=0
ES =0030 0000000000000000 00000000 00009300 DPL=0 DS   [-WA]
CS =0028 0000000000000000 00000000 00209b00 DPL=0 CS64 [-RA]
SS =0030 0000000000000000 00000000 00009300 DPL=0 DS   [-WA]
DS =0030 0000000000000000 00000000 00009300 DPL=0 DS   [-WA]
FS =0030 0000000000000000 00000000 00009300 DPL=0 DS   [-WA]
GS =0030 0000000000000000 00000000 00009300 DPL=0 DS   [-WA]
LDT=0000 0000000000000000 00000000 00008200 DPL=0 LDT
TR =0038 0000000000000000 00000000 00008900 DPL=0 TSS64-avl
GDT=     ffff800000017728 00000047
IDT=     0000000000000000 00000000
CR0=80010011 CR2=0000000000000048 CR3=000000001ff7f000 CR4=00000020
DR0=0000000000000000 DR1=0000000000000000 DR2=0000000000000000 DR3=0000000000000000 
DR6=00000000ffff0ff0 DR7=0000000000000400
CCS=0000000000000000 CCD=0000000000000000 CCO=SUBB
EFER=0000000000000d00
check_exception old: 0xe new 0xd
     1: v=08 e=0000 i=0 cpl=0 IP=0028:ffffffff80001a5d pc=ffffffff80001a5d SP=0030:ffff80001ff8fe80 env->regs[R_EAX]=ffffffff80010020
RAX=ffffffff80010020 RBX=ffffffff80010020 RCX=ffff80001ff8ff98 RDX=0000000000000004
RSI=0000000000000048 RDI=ffffffff80010020 RBP=0000000000000048 RSP=ffff80001ff8fe80
R8 =0000000000000000 R9 =0000000000aaaaaa R10=ffff8000fd014004 R11=0000000000000009
R12=0000000000000000 R13=000000000000004c R14=ffffffff80010020 R15=000000001ff8ffb0
RIP=ffffffff80001a5d RFL=00000046 [---Z-P-] CPL=0 II=0 A20=1 SMM=0 HLT=0
ES =0030 0000000000000000 00000000 00009300 DPL=0 DS   [-WA]
CS =0028 0000000000000000 00000000 00209b00 DPL=0 CS64 [-RA]
SS =0030 0000000000000000 00000000 00009300 DPL=0 DS   [-WA]
DS =0030 0000000000000000 00000000 00009300 DPL=0 DS   [-WA]
FS =0030 0000000000000000 00000000 00009300 DPL=0 DS   [-WA]
GS =0030 0000000000000000 00000000 00009300 DPL=0 DS   [-WA]
LDT=0000 0000000000000000 00000000 00008200 DPL=0 LDT
TR =0038 0000000000000000 00000000 00008900 DPL=0 TSS64-avl
GDT=     ffff800000017728 00000047
IDT=     0000000000000000 00000000
CR0=80010011 CR2=0000000000000048 CR3=000000001ff7f000 CR4=00000020
DR0=0000000000000000 DR1=0000000000000000 DR2=0000000000000000 DR3=0000000000000000 
DR6=00000000ffff0ff0 DR7=0000000000000400
CCS=0000000000000000 CCD=0000000000000000 CCO=SUBB
EFER=0000000000000d00
check_exception old: 0x8 new 0xd
